
--------------- checkbuild
BUILD SUCCESSFUL
